
> attendace@0.0.0 build
> vite build

[36mvite v7.3.1 [32mbuilding client environment for production...[36m[39m
transforming...
[32m✓[39m 12 modules transformed.
[31m✗[39m Build failed in 276ms
[31merror during build:
[31m[vite:esbuild] Transform failed with 1 error:
C:/2017/2017/2017/vs code/EJAT/attendace/src/pages/Admin.jsx:104:27: ERROR: Syntax error "`"[31m
file: [36mC:/2017/2017/2017/vs code/EJAT/attendace/src/pages/Admin.jsx:104:27[31m
[33m
[33mSyntax error "`"[33m
102 |              const data = JSON.parse(decodedText);
103 |              const today = new Date().toISOString().split('T')[0];
104 |              const docId = \`\${data.phone}_\${today}\`;
    |                             ^
105 |  
106 |              const docRef = doc(db, "attendance", docId);
[31m
    at failureErrorWithLog (C:\2017\2017\2017\vs code\EJAT\attendace\node_modules\esbuild\lib\main.js:1467:15)
    at C:\2017\2017\2017\vs code\EJAT\attendace\node_modules\esbuild\lib\main.js:736:50
    at responseCallbacks.<computed> (C:\2017\2017\2017\vs code\EJAT\attendace\node_modules\esbuild\lib\main.js:603:9)
    at handleIncomingPacket (C:\2017\2017\2017\vs code\EJAT\attendace\node_modules\esbuild\lib\main.js:658:12)
    at Socket.readFromStdout (C:\2017\2017\2017\vs code\EJAT\attendace\node_modules\esbuild\lib\main.js:581:7)
    at Socket.emit (node:events:508:28)
    at addChunk (node:internal/streams/readable:559:12)
    at readableAddChunkPushByteMode (node:internal/streams/readable:510:3)
    at Readable.push (node:internal/streams/readable:390:5)
    at Pipe.onStreamRead (node:internal/stream_base_commons:189:23)[39m
